// Jest Snapshot v1, https://goo.gl/fbAQLP

exports[`Event listeners should add scroll event listener on mount 1`] = `
Array [
  Array [
    "scroll",
    [Function],
    false,
  ],
  Array [
    "scroll",
    [Function],
  ],
]
`;

exports[`Event listeners should remove scroll event listener on unmount 1`] = `
Array [
  Array [
    "scroll",
    [Function],
  ],
]
`;

exports[`When scrolling When at end of page should fix header if showing at bottom 1`] = `
<HeadSpace
  scrollTolerance={10}
  showAtBottom={true}
>
  <div
    style={
      Object {
        "height": "0px",
      }
    }
  >
    <div
      style={
        Object {
          "left": 0,
          "position": "fixed",
          "right": 0,
          "top": 0,
          "transform": "translate3d(0, 0, 0)",
          "transition": "transform 0.3s",
        }
      }
    >
      <h1>
        Child
      </h1>
    </div>
  </div>
</HeadSpace>
`;

exports[`When scrolling When at end of page should not fix header if not showing at bottom 1`] = `
<HeadSpace
  scrollTolerance={10}
  showAtBottom={false}
>
  <div
    style={
      Object {
        "height": "0px",
      }
    }
  >
    <div
      style={
        Object {
          "left": 0,
          "position": "absolute",
          "right": 0,
          "top": 0,
          "transform": "translate3d(0, -0px, 0)",
          "transition": "transform 0.3s",
        }
      }
    >
      <h1>
        Child
      </h1>
    </div>
  </div>
</HeadSpace>
`;

exports[`When scrolling When scrolling greater than tolerance level should fix header if scrolling up 1`] = `
<HeadSpace
  scrollTolerance={42}
  showAtBottom={true}
>
  <div
    style={
      Object {
        "height": "0px",
      }
    }
  >
    <div
      style={
        Object {
          "left": 0,
          "position": "fixed",
          "right": 0,
          "top": 0,
          "transform": "translate3d(0, 0, 0)",
          "transition": "transform 0.3s",
        }
      }
    >
      <h1>
        Child
      </h1>
    </div>
  </div>
</HeadSpace>
`;

exports[`When scrolling When scrolling greater than tolerance level should hide header if scrolling down 1`] = `
<HeadSpace
  scrollTolerance={42}
  showAtBottom={true}
>
  <div
    style={
      Object {
        "height": "0px",
      }
    }
  >
    <div
      style={
        Object {
          "left": 0,
          "position": "absolute",
          "right": 0,
          "top": 0,
          "transform": "translate3d(0, -0px, 0)",
          "transition": "transform 0.3s",
        }
      }
    >
      <h1>
        Child
      </h1>
    </div>
  </div>
</HeadSpace>
`;

exports[`When scrolling should not do anything if scrolling less than tolerance 1`] = `
<HeadSpace
  scrollTolerance={42}
  showAtBottom={true}
>
  <div
    style={
      Object {
        "height": "0px",
      }
    }
  >
    <div
      style={
        Object {
          "left": 0,
          "position": "absolute",
          "right": 0,
          "top": 0,
          "transform": "translate3d(0, 0, 0)",
          "transition": "transform 0.3s",
        }
      }
    >
      <h1>
        Child
      </h1>
    </div>
  </div>
</HeadSpace>
`;

exports[`When scrolling should reset header when scrolling to the top of the page 1`] = `
<HeadSpace
  scrollTolerance={10}
  showAtBottom={true}
>
  <div
    style={
      Object {
        "height": "0px",
      }
    }
  >
    <div
      style={
        Object {
          "left": 0,
          "position": "absolute",
          "right": 0,
          "top": 0,
          "transform": "translate3d(0, 0, 0)",
          "transition": "transform 0.3s",
        }
      }
    >
      <h1>
        Child
      </h1>
    </div>
  </div>
</HeadSpace>
`;

exports[`should render children correctly 1`] = `
<div
  style={
    Object {
      "height": "0px",
    }
  }
>
  <div
    style={
      Object {
        "left": 0,
        "position": "absolute",
        "right": 0,
        "top": 0,
        "transform": "translate3d(0, 0, 0)",
        "transition": "transform 0.3s",
      }
    }
  >
    <h1>
      I am the header!
    </h1>
  </div>
</div>
`;
